15.5051083303987980
33.2824012264609337
23.6410478595644236
40.1460045250132680
1.1564018437638879
